Archive member included to satisfy reference by file (symbol)

f:/stm32/win-dev-tools/gcc-arm-none-eabi/bin/../lib/gcc/arm-none-eabi/10.3.1/../../../../arm-none-eabi/lib/thumb/v7e-m+fp/hard\libc_nano.a(lib_a-exit.o)
                              f:/stm32/win-dev-tools/gcc-arm-none-eabi/bin/../lib/gcc/arm-none-eabi/10.3.1/../../../../arm-none-eabi/lib/thumb/v7e-m+fp/hard/crt0.o (exit)
f:/stm32/win-dev-tools/gcc-arm-none-eabi/bin/../lib/gcc/arm-none-eabi/10.3.1/../../../../arm-none-eabi/lib/thumb/v7e-m+fp/hard\libc_nano.a(lib_a-impure.o)
                              f:/stm32/win-dev-tools/gcc-arm-none-eabi/bin/../lib/gcc/arm-none-eabi/10.3.1/../../../../arm-none-eabi/lib/thumb/v7e-m+fp/hard\libc_nano.a(lib_a-exit.o) (_global_impure_ptr)
f:/stm32/win-dev-tools/gcc-arm-none-eabi/bin/../lib/gcc/arm-none-eabi/10.3.1/../../../../arm-none-eabi/lib/thumb/v7e-m+fp/hard\libc_nano.a(lib_a-init.o)
                              f:/stm32/win-dev-tools/gcc-arm-none-eabi/bin/../lib/gcc/arm-none-eabi/10.3.1/../../../../arm-none-eabi/lib/thumb/v7e-m+fp/hard/crt0.o (__libc_init_array)
f:/stm32/win-dev-tools/gcc-arm-none-eabi/bin/../lib/gcc/arm-none-eabi/10.3.1/../../../../arm-none-eabi/lib/thumb/v7e-m+fp/hard\libc_nano.a(lib_a-memset.o)
                              f:/stm32/win-dev-tools/gcc-arm-none-eabi/bin/../lib/gcc/arm-none-eabi/10.3.1/../../../../arm-none-eabi/lib/thumb/v7e-m+fp/hard/crt0.o (memset)
f:/stm32/win-dev-tools/gcc-arm-none-eabi/bin/../lib/gcc/arm-none-eabi/10.3.1/../../../../arm-none-eabi/lib/thumb/v7e-m+fp/hard\libnosys.a(_exit.o)
                              f:/stm32/win-dev-tools/gcc-arm-none-eabi/bin/../lib/gcc/arm-none-eabi/10.3.1/../../../../arm-none-eabi/lib/thumb/v7e-m+fp/hard\libc_nano.a(lib_a-exit.o) (_exit)

Discarded input sections

 .text          0x00000000        0x0 f:/stm32/win-dev-tools/gcc-arm-none-eabi/bin/../lib/gcc/arm-none-eabi/10.3.1/thumb/v7e-m+fp/hard/crti.o
 .data          0x00000000        0x0 f:/stm32/win-dev-tools/gcc-arm-none-eabi/bin/../lib/gcc/arm-none-eabi/10.3.1/thumb/v7e-m+fp/hard/crti.o
 .bss           0x00000000        0x0 f:/stm32/win-dev-tools/gcc-arm-none-eabi/bin/../lib/gcc/arm-none-eabi/10.3.1/thumb/v7e-m+fp/hard/crti.o
 .data          0x00000000        0x4 f:/stm32/win-dev-tools/gcc-arm-none-eabi/bin/../lib/gcc/arm-none-eabi/10.3.1/thumb/v7e-m+fp/hard/crtbegin.o
 .rodata        0x00000000       0x24 f:/stm32/win-dev-tools/gcc-arm-none-eabi/bin/../lib/gcc/arm-none-eabi/10.3.1/thumb/v7e-m+fp/hard/crtbegin.o
 .text          0x00000000       0x7c f:/stm32/win-dev-tools/gcc-arm-none-eabi/bin/../lib/gcc/arm-none-eabi/10.3.1/../../../../arm-none-eabi/lib/thumb/v7e-m+fp/hard/crt0.o
 .data          0x00000000        0x0 f:/stm32/win-dev-tools/gcc-arm-none-eabi/bin/../lib/gcc/arm-none-eabi/10.3.1/../../../../arm-none-eabi/lib/thumb/v7e-m+fp/hard/crt0.o
 .bss           0x00000000        0x0 f:/stm32/win-dev-tools/gcc-arm-none-eabi/bin/../lib/gcc/arm-none-eabi/10.3.1/../../../../arm-none-eabi/lib/thumb/v7e-m+fp/hard/crt0.o
 .ARM.extab     0x00000000        0x0 f:/stm32/win-dev-tools/gcc-arm-none-eabi/bin/../lib/gcc/arm-none-eabi/10.3.1/../../../../arm-none-eabi/lib/thumb/v7e-m+fp/hard/crt0.o
 .ARM.exidx     0x00000000       0x10 f:/stm32/win-dev-tools/gcc-arm-none-eabi/bin/../lib/gcc/arm-none-eabi/10.3.1/../../../../arm-none-eabi/lib/thumb/v7e-m+fp/hard/crt0.o
 .ARM.attributes
                0x00000000       0x1c f:/stm32/win-dev-tools/gcc-arm-none-eabi/bin/../lib/gcc/arm-none-eabi/10.3.1/../../../../arm-none-eabi/lib/thumb/v7e-m+fp/hard/crt0.o
 .text          0x00000000        0x0 build/main.o
 .data          0x00000000        0x0 build/main.o
 .bss           0x00000000        0x0 build/main.o
 .text.Error_Handler
                0x00000000        0x4 build/main.o
 .text          0x00000000        0x0 build/gpio.o
 .data          0x00000000        0x0 build/gpio.o
 .bss           0x00000000        0x0 build/gpio.o
 .text.MX_GPIO_Init
                0x00000000       0x68 build/gpio.o
 .debug_info    0x00000000      0x60a build/gpio.o
 .debug_abbrev  0x00000000      0x1a9 build/gpio.o
 .debug_loc     0x00000000       0x93 build/gpio.o
 .debug_aranges
                0x00000000       0x20 build/gpio.o
 .debug_ranges  0x00000000       0x10 build/gpio.o
 .debug_line    0x00000000      0x292 build/gpio.o
 .debug_str     0x00000000      0x3ca build/gpio.o
 .comment       0x00000000       0x4a build/gpio.o
 .debug_frame   0x00000000       0x30 build/gpio.o
 .ARM.attributes
                0x00000000       0x34 build/gpio.o
 .text          0x00000000        0x0 build/stm32g4xx_it.o
 .data          0x00000000        0x0 build/stm32g4xx_it.o
 .bss           0x00000000        0x0 build/stm32g4xx_it.o
 .text          0x00000000        0x0 build/stm32g4xx_ll_utils.o
 .data          0x00000000        0x0 build/stm32g4xx_ll_utils.o
 .bss           0x00000000        0x0 build/stm32g4xx_ll_utils.o
 .text.UTILS_GetPLLOutputFrequency
                0x00000000       0x22 build/stm32g4xx_ll_utils.o
 .text.UTILS_PLL_IsBusy
                0x00000000       0x18 build/stm32g4xx_ll_utils.o
 .text.LL_SetFlashLatency
                0x00000000      0x10c build/stm32g4xx_ll_utils.o
 .text.UTILS_EnablePLLAndSwitchSystem
                0x00000000       0xb4 build/stm32g4xx_ll_utils.o
 .text.LL_PLL_ConfigSystemClock_HSI
                0x00000000       0xac build/stm32g4xx_ll_utils.o
 .text.LL_PLL_ConfigSystemClock_HSE
                0x00000000       0xc8 build/stm32g4xx_ll_utils.o
 .text          0x00000000        0x0 build/stm32g4xx_ll_exti.o
 .data          0x00000000        0x0 build/stm32g4xx_ll_exti.o
 .bss           0x00000000        0x0 build/stm32g4xx_ll_exti.o
 .text.LL_EXTI_DeInit
                0x00000000       0x34 build/stm32g4xx_ll_exti.o
 .text.LL_EXTI_Init
                0x00000000      0x1a0 build/stm32g4xx_ll_exti.o
 .text.LL_EXTI_StructInit
                0x00000000       0x10 build/stm32g4xx_ll_exti.o
 .debug_info    0x00000000      0x8b9 build/stm32g4xx_ll_exti.o
 .debug_abbrev  0x00000000      0x1d9 build/stm32g4xx_ll_exti.o
 .debug_loc     0x00000000      0x493 build/stm32g4xx_ll_exti.o
 .debug_aranges
                0x00000000       0x30 build/stm32g4xx_ll_exti.o
 .debug_ranges  0x00000000       0x68 build/stm32g4xx_ll_exti.o
 .debug_line    0x00000000      0x609 build/stm32g4xx_ll_exti.o
 .debug_str     0x00000000      0x4ae build/stm32g4xx_ll_exti.o
 .comment       0x00000000       0x4a build/stm32g4xx_ll_exti.o
 .debug_frame   0x00000000       0x54 build/stm32g4xx_ll_exti.o
 .ARM.attributes
                0x00000000       0x34 build/stm32g4xx_ll_exti.o
 .text          0x00000000        0x0 build/stm32g4xx_ll_gpio.o
 .data          0x00000000        0x0 build/stm32g4xx_ll_gpio.o
 .bss           0x00000000        0x0 build/stm32g4xx_ll_gpio.o
 .text.LL_GPIO_DeInit
                0x00000000      0x108 build/stm32g4xx_ll_gpio.o
 .text.LL_GPIO_Init
                0x00000000      0x17e build/stm32g4xx_ll_gpio.o
 .text.LL_GPIO_StructInit
                0x00000000       0x16 build/stm32g4xx_ll_gpio.o
 .debug_info    0x00000000      0xe8b build/stm32g4xx_ll_gpio.o
 .debug_abbrev  0x00000000      0x2b4 build/stm32g4xx_ll_gpio.o
 .debug_loc     0x00000000      0x863 build/stm32g4xx_ll_gpio.o
 .debug_aranges
                0x00000000       0x30 build/stm32g4xx_ll_gpio.o
 .debug_ranges  0x00000000      0x218 build/stm32g4xx_ll_gpio.o
 .debug_line    0x00000000      0x857 build/stm32g4xx_ll_gpio.o
 .debug_str     0x00000000      0x4f2 build/stm32g4xx_ll_gpio.o
 .comment       0x00000000       0x4a build/stm32g4xx_ll_gpio.o
 .debug_frame   0x00000000       0x54 build/stm32g4xx_ll_gpio.o
 .ARM.attributes
                0x00000000       0x34 build/stm32g4xx_ll_gpio.o
 .text          0x00000000        0x0 build/stm32g4xx_ll_pwr.o
 .data          0x00000000        0x0 build/stm32g4xx_ll_pwr.o
 .bss           0x00000000        0x0 build/stm32g4xx_ll_pwr.o
 .text.LL_PWR_DeInit
                0x00000000       0x1c build/stm32g4xx_ll_pwr.o
 .debug_info    0x00000000      0x3f2 build/stm32g4xx_ll_pwr.o
 .debug_abbrev  0x00000000      0x129 build/stm32g4xx_ll_pwr.o
 .debug_loc     0x00000000       0x30 build/stm32g4xx_ll_pwr.o
 .debug_aranges
                0x00000000       0x20 build/stm32g4xx_ll_pwr.o
 .debug_ranges  0x00000000       0x10 build/stm32g4xx_ll_pwr.o
 .debug_line    0x00000000      0x271 build/stm32g4xx_ll_pwr.o
 .debug_str     0x00000000      0x384 build/stm32g4xx_ll_pwr.o
 .comment       0x00000000       0x4a build/stm32g4xx_ll_pwr.o
 .debug_frame   0x00000000       0x20 build/stm32g4xx_ll_pwr.o
 .ARM.attributes
                0x00000000       0x34 build/stm32g4xx_ll_pwr.o
 .text          0x00000000        0x0 build/system_stm32g4xx.o
 .data          0x00000000        0x0 build/system_stm32g4xx.o
 .bss           0x00000000        0x0 build/system_stm32g4xx.o
 .text.SystemCoreClockUpdate
                0x00000000       0x90 build/system_stm32g4xx.o
 .rodata.AHBPrescTable
                0x00000000       0x10 build/system_stm32g4xx.o
 .rodata.APBPrescTable
                0x00000000        0x8 build/system_stm32g4xx.o
 .text          0x00000000       0x14 build/startup_stm32g474xx.o
 .data          0x00000000        0x0 build/startup_stm32g474xx.o
 .bss           0x00000000        0x0 build/startup_stm32g474xx.o
 .text          0x00000000        0x0 f:/stm32/win-dev-tools/gcc-arm-none-eabi/bin/../lib/gcc/arm-none-eabi/10.3.1/../../../../arm-none-eabi/lib/thumb/v7e-m+fp/hard\libc_nano.a(lib_a-exit.o)
 .data          0x00000000        0x0 f:/stm32/win-dev-tools/gcc-arm-none-eabi/bin/../lib/gcc/arm-none-eabi/10.3.1/../../../../arm-none-eabi/lib/thumb/v7e-m+fp/hard\libc_nano.a(lib_a-exit.o)
 .bss           0x00000000        0x0 f:/stm32/win-dev-tools/gcc-arm-none-eabi/bin/../lib/gcc/arm-none-eabi/10.3.1/../../../../arm-none-eabi/lib/thumb/v7e-m+fp/hard\libc_nano.a(lib_a-exit.o)
 .text.exit     0x00000000       0x28 f:/stm32/win-dev-tools/gcc-arm-none-eabi/bin/../lib/gcc/arm-none-eabi/10.3.1/../../../../arm-none-eabi/lib/thumb/v7e-m+fp/hard\libc_nano.a(lib_a-exit.o)
 .debug_frame   0x00000000       0x28 f:/stm32/win-dev-tools/gcc-arm-none-eabi/bin/../lib/gcc/arm-none-eabi/10.3.1/../../../../arm-none-eabi/lib/thumb/v7e-m+fp/hard\libc_nano.a(lib_a-exit.o)
 .ARM.attributes
                0x00000000       0x34 f:/stm32/win-dev-tools/gcc-arm-none-eabi/bin/../lib/gcc/arm-none-eabi/10.3.1/../../../../arm-none-eabi/lib/thumb/v7e-m+fp/hard\libc_nano.a(lib_a-exit.o)
 .text          0x00000000        0x0 f:/stm32/win-dev-tools/gcc-arm-none-eabi/bin/../lib/gcc/arm-none-eabi/10.3.1/../../../../arm-none-eabi/lib/thumb/v7e-m+fp/hard\libc_nano.a(lib_a-impure.o)
 .data          0x00000000        0x0 f:/stm32/win-dev-tools/gcc-arm-none-eabi/bin/../lib/gcc/arm-none-eabi/10.3.1/../../../../arm-none-eabi/lib/thumb/v7e-m+fp/hard\libc_nano.a(lib_a-impure.o)
 .bss           0x00000000        0x0 f:/stm32/win-dev-tools/gcc-arm-none-eabi/bin/../lib/gcc/arm-none-eabi/10.3.1/../../../../arm-none-eabi/lib/thumb/v7e-m+fp/hard\libc_nano.a(lib_a-impure.o)
 .data._impure_ptr
                0x00000000        0x4 f:/stm32/win-dev-tools/gcc-arm-none-eabi/bin/../lib/gcc/arm-none-eabi/10.3.1/../../../../arm-none-eabi/lib/thumb/v7e-m+fp/hard\libc_nano.a(lib_a-impure.o)
 .data.impure_data
                0x00000000       0x60 f:/stm32/win-dev-tools/gcc-arm-none-eabi/bin/../lib/gcc/arm-none-eabi/10.3.1/../../../../arm-none-eabi/lib/thumb/v7e-m+fp/hard\libc_nano.a(lib_a-impure.o)
 .rodata._global_impure_ptr
                0x00000000        0x4 f:/stm32/win-dev-tools/gcc-arm-none-eabi/bin/../lib/gcc/arm-none-eabi/10.3.1/../../../../arm-none-eabi/lib/thumb/v7e-m+fp/hard\libc_nano.a(lib_a-impure.o)
 .ARM.attributes
                0x00000000       0x34 f:/stm32/win-dev-tools/gcc-arm-none-eabi/bin/../lib/gcc/arm-none-eabi/10.3.1/../../../../arm-none-eabi/lib/thumb/v7e-m+fp/hard\libc_nano.a(lib_a-impure.o)
 .text          0x00000000        0x0 f:/stm32/win-dev-tools/gcc-arm-none-eabi/bin/../lib/gcc/arm-none-eabi/10.3.1/../../../../arm-none-eabi/lib/thumb/v7e-m+fp/hard\libc_nano.a(lib_a-init.o)
 .data          0x00000000        0x0 f:/stm32/win-dev-tools/gcc-arm-none-eabi/bin/../lib/gcc/arm-none-eabi/10.3.1/../../../../arm-none-eabi/lib/thumb/v7e-m+fp/hard\libc_nano.a(lib_a-init.o)
 .bss           0x00000000        0x0 f:/stm32/win-dev-tools/gcc-arm-none-eabi/bin/../lib/gcc/arm-none-eabi/10.3.1/../../../../arm-none-eabi/lib/thumb/v7e-m+fp/hard\libc_nano.a(lib_a-init.o)
 .text          0x00000000        0x0 f:/stm32/win-dev-tools/gcc-arm-none-eabi/bin/../lib/gcc/arm-none-eabi/10.3.1/../../../../arm-none-eabi/lib/thumb/v7e-m+fp/hard\libc_nano.a(lib_a-memset.o)
 .data          0x00000000        0x0 f:/stm32/win-dev-tools/gcc-arm-none-eabi/bin/../lib/gcc/arm-none-eabi/10.3.1/../../../../arm-none-eabi/lib/thumb/v7e-m+fp/hard\libc_nano.a(lib_a-memset.o)
 .bss           0x00000000        0x0 f:/stm32/win-dev-tools/gcc-arm-none-eabi/bin/../lib/gcc/arm-none-eabi/10.3.1/../../../../arm-none-eabi/lib/thumb/v7e-m+fp/hard\libc_nano.a(lib_a-memset.o)
 .text.memset   0x00000000       0x10 f:/stm32/win-dev-tools/gcc-arm-none-eabi/bin/../lib/gcc/arm-none-eabi/10.3.1/../../../../arm-none-eabi/lib/thumb/v7e-m+fp/hard\libc_nano.a(lib_a-memset.o)
 .debug_frame   0x00000000       0x20 f:/stm32/win-dev-tools/gcc-arm-none-eabi/bin/../lib/gcc/arm-none-eabi/10.3.1/../../../../arm-none-eabi/lib/thumb/v7e-m+fp/hard\libc_nano.a(lib_a-memset.o)
 .ARM.attributes
                0x00000000       0x34 f:/stm32/win-dev-tools/gcc-arm-none-eabi/bin/../lib/gcc/arm-none-eabi/10.3.1/../../../../arm-none-eabi/lib/thumb/v7e-m+fp/hard\libc_nano.a(lib_a-memset.o)
 .text          0x00000000        0x0 f:/stm32/win-dev-tools/gcc-arm-none-eabi/bin/../lib/gcc/arm-none-eabi/10.3.1/../../../../arm-none-eabi/lib/thumb/v7e-m+fp/hard\libnosys.a(_exit.o)
 .data          0x00000000        0x0 f:/stm32/win-dev-tools/gcc-arm-none-eabi/bin/../lib/gcc/arm-none-eabi/10.3.1/../../../../arm-none-eabi/lib/thumb/v7e-m+fp/hard\libnosys.a(_exit.o)
 .bss           0x00000000        0x0 f:/stm32/win-dev-tools/gcc-arm-none-eabi/bin/../lib/gcc/arm-none-eabi/10.3.1/../../../../arm-none-eabi/lib/thumb/v7e-m+fp/hard\libnosys.a(_exit.o)
 .text._exit    0x00000000        0x4 f:/stm32/win-dev-tools/gcc-arm-none-eabi/bin/../lib/gcc/arm-none-eabi/10.3.1/../../../../arm-none-eabi/lib/thumb/v7e-m+fp/hard\libnosys.a(_exit.o)
 .debug_frame   0x00000000       0x20 f:/stm32/win-dev-tools/gcc-arm-none-eabi/bin/../lib/gcc/arm-none-eabi/10.3.1/../../../../arm-none-eabi/lib/thumb/v7e-m+fp/hard\libnosys.a(_exit.o)
 .ARM.attributes
                0x00000000       0x34 f:/stm32/win-dev-tools/gcc-arm-none-eabi/bin/../lib/gcc/arm-none-eabi/10.3.1/../../../../arm-none-eabi/lib/thumb/v7e-m+fp/hard\libnosys.a(_exit.o)
 .text          0x00000000        0x0 f:/stm32/win-dev-tools/gcc-arm-none-eabi/bin/../lib/gcc/arm-none-eabi/10.3.1/thumb/v7e-m+fp/hard/crtend.o
 .data          0x00000000        0x0 f:/stm32/win-dev-tools/gcc-arm-none-eabi/bin/../lib/gcc/arm-none-eabi/10.3.1/thumb/v7e-m+fp/hard/crtend.o
 .bss           0x00000000        0x0 f:/stm32/win-dev-tools/gcc-arm-none-eabi/bin/../lib/gcc/arm-none-eabi/10.3.1/thumb/v7e-m+fp/hard/crtend.o
 .rodata        0x00000000       0x24 f:/stm32/win-dev-tools/gcc-arm-none-eabi/bin/../lib/gcc/arm-none-eabi/10.3.1/thumb/v7e-m+fp/hard/crtend.o
 .eh_frame      0x00000000        0x4 f:/stm32/win-dev-tools/gcc-arm-none-eabi/bin/../lib/gcc/arm-none-eabi/10.3.1/thumb/v7e-m+fp/hard/crtend.o
 .ARM.attributes
                0x00000000       0x34 f:/stm32/win-dev-tools/gcc-arm-none-eabi/bin/../lib/gcc/arm-none-eabi/10.3.1/thumb/v7e-m+fp/hard/crtend.o
 .text          0x00000000        0x0 f:/stm32/win-dev-tools/gcc-arm-none-eabi/bin/../lib/gcc/arm-none-eabi/10.3.1/thumb/v7e-m+fp/hard/crtn.o
 .data          0x00000000        0x0 f:/stm32/win-dev-tools/gcc-arm-none-eabi/bin/../lib/gcc/arm-none-eabi/10.3.1/thumb/v7e-m+fp/hard/crtn.o
 .bss           0x00000000        0x0 f:/stm32/win-dev-tools/gcc-arm-none-eabi/bin/../lib/gcc/arm-none-eabi/10.3.1/thumb/v7e-m+fp/hard/crtn.o

Memory Configuration

Name             Origin             Length             Attributes
RAM              0x20000000         0x00020000         xrw
FLASH            0x08000000         0x00080000         xr
*default*        0x00000000         0xffffffff

Linker script and memory map

LOAD f:/stm32/win-dev-tools/gcc-arm-none-eabi/bin/../lib/gcc/arm-none-eabi/10.3.1/thumb/v7e-m+fp/hard/crti.o
LOAD f:/stm32/win-dev-tools/gcc-arm-none-eabi/bin/../lib/gcc/arm-none-eabi/10.3.1/thumb/v7e-m+fp/hard/crtbegin.o
LOAD f:/stm32/win-dev-tools/gcc-arm-none-eabi/bin/../lib/gcc/arm-none-eabi/10.3.1/../../../../arm-none-eabi/lib/thumb/v7e-m+fp/hard/crt0.o
LOAD build/main.o
LOAD build/gpio.o
LOAD build/stm32g4xx_it.o
LOAD build/stm32g4xx_ll_utils.o
LOAD build/stm32g4xx_ll_exti.o
LOAD build/stm32g4xx_ll_gpio.o
LOAD build/stm32g4xx_ll_pwr.o
LOAD build/system_stm32g4xx.o
LOAD build/startup_stm32g474xx.o
LOAD f:/stm32/win-dev-tools/gcc-arm-none-eabi/bin/../lib/gcc/arm-none-eabi/10.3.1/../../../../arm-none-eabi/lib/thumb/v7e-m+fp/hard\libc_nano.a
LOAD f:/stm32/win-dev-tools/gcc-arm-none-eabi/bin/../lib/gcc/arm-none-eabi/10.3.1/../../../../arm-none-eabi/lib/thumb/v7e-m+fp/hard\libm.a
LOAD f:/stm32/win-dev-tools/gcc-arm-none-eabi/bin/../lib/gcc/arm-none-eabi/10.3.1/../../../../arm-none-eabi/lib/thumb/v7e-m+fp/hard\libnosys.a
START GROUP
LOAD f:/stm32/win-dev-tools/gcc-arm-none-eabi/bin/../lib/gcc/arm-none-eabi/10.3.1/thumb/v7e-m+fp/hard\libgcc.a
LOAD f:/stm32/win-dev-tools/gcc-arm-none-eabi/bin/../lib/gcc/arm-none-eabi/10.3.1/../../../../arm-none-eabi/lib/thumb/v7e-m+fp/hard\libc_nano.a
END GROUP
START GROUP
LOAD f:/stm32/win-dev-tools/gcc-arm-none-eabi/bin/../lib/gcc/arm-none-eabi/10.3.1/thumb/v7e-m+fp/hard\libgcc.a
LOAD f:/stm32/win-dev-tools/gcc-arm-none-eabi/bin/../lib/gcc/arm-none-eabi/10.3.1/../../../../arm-none-eabi/lib/thumb/v7e-m+fp/hard\libc_nano.a
END GROUP
LOAD f:/stm32/win-dev-tools/gcc-arm-none-eabi/bin/../lib/gcc/arm-none-eabi/10.3.1/thumb/v7e-m+fp/hard/crtend.o
LOAD f:/stm32/win-dev-tools/gcc-arm-none-eabi/bin/../lib/gcc/arm-none-eabi/10.3.1/thumb/v7e-m+fp/hard/crtn.o
                0x20020000                _estack = (ORIGIN (RAM) + LENGTH (RAM))
                0x00000200                _Min_Heap_Size = 0x200
                0x00000400                _Min_Stack_Size = 0x400

.isr_vector     0x08000000      0x1d8
                0x08000000                . = ALIGN (0x4)
 *(.isr_vector)
 .isr_vector    0x08000000      0x1d8 build/startup_stm32g474xx.o
                0x08000000                g_pfnVectors
                0x080001d8                . = ALIGN (0x4)

.text           0x080001d8      0x37c
                0x080001d8                . = ALIGN (0x4)
 *(.text)
 .text          0x080001d8       0x40 f:/stm32/win-dev-tools/gcc-arm-none-eabi/bin/../lib/gcc/arm-none-eabi/10.3.1/thumb/v7e-m+fp/hard/crtbegin.o
 *(.text*)
 .text.SystemClock_Config
                0x08000218       0xf4 build/main.o
                0x08000218                SystemClock_Config
 .text.Configure_GPIO
                0x0800030c       0x60 build/main.o
                0x0800030c                Configure_GPIO
 .text.main     0x0800036c       0xb4 build/main.o
                0x0800036c                main
 .text.NMI_Handler
                0x08000420        0x2 build/stm32g4xx_it.o
                0x08000420                NMI_Handler
 .text.HardFault_Handler
                0x08000422        0x2 build/stm32g4xx_it.o
                0x08000422                HardFault_Handler
 .text.MemManage_Handler
                0x08000424        0x2 build/stm32g4xx_it.o
                0x08000424                MemManage_Handler
 .text.BusFault_Handler
                0x08000426        0x2 build/stm32g4xx_it.o
                0x08000426                BusFault_Handler
 .text.UsageFault_Handler
                0x08000428        0x2 build/stm32g4xx_it.o
                0x08000428                UsageFault_Handler
 .text.SVC_Handler
                0x0800042a        0x2 build/stm32g4xx_it.o
                0x0800042a                SVC_Handler
 .text.DebugMon_Handler
                0x0800042c        0x2 build/stm32g4xx_it.o
                0x0800042c                DebugMon_Handler
 .text.PendSV_Handler
                0x0800042e        0x2 build/stm32g4xx_it.o
                0x0800042e                PendSV_Handler
 .text.SysTick_Handler
                0x08000430        0x2 build/stm32g4xx_it.o
                0x08000430                SysTick_Handler
 *fill*         0x08000432        0x2 
 .text.LL_Init1msTick
                0x08000434       0x20 build/stm32g4xx_ll_utils.o
                0x08000434                LL_Init1msTick
 .text.LL_mDelay
                0x08000454       0x2a build/stm32g4xx_ll_utils.o
                0x08000454                LL_mDelay
 *fill*         0x0800047e        0x2 
 .text.LL_SetSystemCoreClock
                0x08000480        0xc build/stm32g4xx_ll_utils.o
                0x08000480                LL_SetSystemCoreClock
 .text.SystemInit
                0x0800048c       0x14 build/system_stm32g4xx.o
                0x0800048c                SystemInit
 .text.Reset_Handler
                0x080004a0       0x50 build/startup_stm32g474xx.o
                0x080004a0                Reset_Handler
 .text.Default_Handler
                0x080004f0        0x2 build/startup_stm32g474xx.o
                0x080004f0                RTC_Alarm_IRQHandler
                0x080004f0                EXTI2_IRQHandler
                0x080004f0                TIM8_TRG_COM_IRQHandler
                0x080004f0                TIM8_CC_IRQHandler
                0x080004f0                HRTIM1_Master_IRQHandler
                0x080004f0                SPI4_IRQHandler
                0x080004f0                FDCAN3_IT0_IRQHandler
                0x080004f0                TIM1_CC_IRQHandler
                0x080004f0                HRTIM1_FLT_IRQHandler
                0x080004f0                HRTIM1_TIMF_IRQHandler
                0x080004f0                USB_HP_IRQHandler
                0x080004f0                CORDIC_IRQHandler
                0x080004f0                HRTIM1_TIMD_IRQHandler
                0x080004f0                DMA2_Channel8_IRQHandler
                0x080004f0                EXTI3_IRQHandler
                0x080004f0                I2C3_ER_IRQHandler
                0x080004f0                EXTI0_IRQHandler
                0x080004f0                I2C2_EV_IRQHandler
                0x080004f0                FPU_IRQHandler
                0x080004f0                FDCAN1_IT1_IRQHandler
                0x080004f0                TIM1_UP_TIM16_IRQHandler
                0x080004f0                ADC1_2_IRQHandler
                0x080004f0                HRTIM1_TIME_IRQHandler
                0x080004f0                SPI1_IRQHandler
                0x080004f0                TIM6_DAC_IRQHandler
                0x080004f0                HRTIM1_TIMC_IRQHandler
                0x080004f0                TIM8_UP_IRQHandler
                0x080004f0                DMA2_Channel2_IRQHandler
                0x080004f0                DMA1_Channel4_IRQHandler
                0x080004f0                TIM20_TRG_COM_IRQHandler
                0x080004f0                USART3_IRQHandler
                0x080004f0                DMA1_Channel7_IRQHandler
                0x080004f0                UART5_IRQHandler
                0x080004f0                ADC3_IRQHandler
                0x080004f0                TIM4_IRQHandler
                0x080004f0                DMA2_Channel1_IRQHandler
                0x080004f0                QUADSPI_IRQHandler
                0x080004f0                I2C1_EV_IRQHandler
                0x080004f0                DMA1_Channel6_IRQHandler
                0x080004f0                UART4_IRQHandler
                0x080004f0                DMA2_Channel4_IRQHandler
                0x080004f0                TIM3_IRQHandler
                0x080004f0                RCC_IRQHandler
                0x080004f0                TIM20_UP_IRQHandler
                0x080004f0                DMA1_Channel1_IRQHandler
                0x080004f0                Default_Handler
                0x080004f0                DMA2_Channel7_IRQHandler
                0x080004f0                RTC_TAMP_LSECSS_IRQHandler
                0x080004f0                FMAC_IRQHandler
                0x080004f0                EXTI15_10_IRQHandler
                0x080004f0                DMA1_Channel8_IRQHandler
                0x080004f0                HRTIM1_TIMA_IRQHandler
                0x080004f0                TIM7_DAC_IRQHandler
                0x080004f0                FDCAN3_IT1_IRQHandler
                0x080004f0                TIM5_IRQHandler
                0x080004f0                UCPD1_IRQHandler
                0x080004f0                I2C3_EV_IRQHandler
                0x080004f0                EXTI9_5_IRQHandler
                0x080004f0                RTC_WKUP_IRQHandler
                0x080004f0                PVD_PVM_IRQHandler
                0x080004f0                SPI2_IRQHandler
                0x080004f0                ADC5_IRQHandler
                0x080004f0                DMA2_Channel5_IRQHandler
                0x080004f0                CRS_IRQHandler
                0x080004f0                DMA1_Channel5_IRQHandler
                0x080004f0                USB_LP_IRQHandler
                0x080004f0                EXTI4_IRQHandler
                0x080004f0                RNG_IRQHandler
                0x080004f0                HRTIM1_TIMB_IRQHandler
                0x080004f0                TIM1_TRG_COM_TIM17_IRQHandler
                0x080004f0                FDCAN2_IT1_IRQHandler
                0x080004f0                DMA1_Channel3_IRQHandler
                0x080004f0                ADC4_IRQHandler
                0x080004f0                WWDG_IRQHandler
                0x080004f0                I2C4_EV_IRQHandler
                0x080004f0                FDCAN2_IT0_IRQHandler
                0x080004f0                LPUART1_IRQHandler
                0x080004f0                DMA2_Channel6_IRQHandler
                0x080004f0                FDCAN1_IT0_IRQHandler
                0x080004f0                TIM2_IRQHandler
                0x080004f0                COMP7_IRQHandler
                0x080004f0                COMP1_2_3_IRQHandler
                0x080004f0                EXTI1_IRQHandler
                0x080004f0                USART2_IRQHandler
                0x080004f0                COMP4_5_6_IRQHandler
                0x080004f0                TIM20_BRK_IRQHandler
                0x080004f0                I2C2_ER_IRQHandler
                0x080004f0                DMA1_Channel2_IRQHandler
                0x080004f0                TIM8_BRK_IRQHandler
                0x080004f0                FLASH_IRQHandler
                0x080004f0                TIM20_CC_IRQHandler
                0x080004f0                USART1_IRQHandler
                0x080004f0                SPI3_IRQHandler
                0x080004f0                I2C1_ER_IRQHandler
                0x080004f0                FMC_IRQHandler
                0x080004f0                LPTIM1_IRQHandler
                0x080004f0                DMAMUX_OVR_IRQHandler
                0x080004f0                I2C4_ER_IRQHandler
                0x080004f0                USBWakeUp_IRQHandler
                0x080004f0                SAI1_IRQHandler
                0x080004f0                DMA2_Channel3_IRQHandler
                0x080004f0                TIM1_BRK_TIM15_IRQHandler
 *fill*         0x080004f2        0x2 
 .text.__libc_init_array
                0x080004f4       0x48 f:/stm32/win-dev-tools/gcc-arm-none-eabi/bin/../lib/gcc/arm-none-eabi/10.3.1/../../../../arm-none-eabi/lib/thumb/v7e-m+fp/hard\libc_nano.a(lib_a-init.o)
                0x080004f4                __libc_init_array
 *(.glue_7)
 .glue_7        0x0800053c        0x0 linker stubs
 *(.glue_7t)
 .glue_7t       0x0800053c        0x0 linker stubs
 *(.eh_frame)
 .eh_frame      0x0800053c        0x0 f:/stm32/win-dev-tools/gcc-arm-none-eabi/bin/../lib/gcc/arm-none-eabi/10.3.1/thumb/v7e-m+fp/hard/crtbegin.o
 *(.init)
 .init          0x0800053c        0x4 f:/stm32/win-dev-tools/gcc-arm-none-eabi/bin/../lib/gcc/arm-none-eabi/10.3.1/thumb/v7e-m+fp/hard/crti.o
                0x0800053c                _init
 .init          0x08000540        0x8 f:/stm32/win-dev-tools/gcc-arm-none-eabi/bin/../lib/gcc/arm-none-eabi/10.3.1/thumb/v7e-m+fp/hard/crtn.o
 *(.fini)
 .fini          0x08000548        0x4 f:/stm32/win-dev-tools/gcc-arm-none-eabi/bin/../lib/gcc/arm-none-eabi/10.3.1/thumb/v7e-m+fp/hard/crti.o
                0x08000548                _fini
 .fini          0x0800054c        0x8 f:/stm32/win-dev-tools/gcc-arm-none-eabi/bin/../lib/gcc/arm-none-eabi/10.3.1/thumb/v7e-m+fp/hard/crtn.o
                0x08000554                . = ALIGN (0x4)
                0x08000554                _etext = .

.vfp11_veneer   0x08000554        0x0
 .vfp11_veneer  0x08000554        0x0 linker stubs

.v4_bx          0x08000554        0x0
 .v4_bx         0x08000554        0x0 linker stubs

.iplt           0x08000554        0x0
 .iplt          0x08000554        0x0 f:/stm32/win-dev-tools/gcc-arm-none-eabi/bin/../lib/gcc/arm-none-eabi/10.3.1/thumb/v7e-m+fp/hard/crtbegin.o

.rel.dyn        0x08000554        0x0
 .rel.iplt      0x08000554        0x0 f:/stm32/win-dev-tools/gcc-arm-none-eabi/bin/../lib/gcc/arm-none-eabi/10.3.1/thumb/v7e-m+fp/hard/crtbegin.o

.rodata         0x08000554        0x0
                0x08000554                . = ALIGN (0x4)
 *(.rodata)
 *(.rodata*)
                0x08000554                . = ALIGN (0x4)

.ARM.extab
 *(.ARM.extab* .gnu.linkonce.armextab.*)

.ARM            0x08000554        0x0
                0x08000554                __exidx_start = .
 *(.ARM.exidx*)
                0x08000554                __exidx_end = .

.preinit_array  0x08000554        0x0
                0x08000554                PROVIDE (__preinit_array_start = .)
 *(.preinit_array*)
                0x08000554                PROVIDE (__preinit_array_end = .)

.init_array     0x08000554        0x4
                0x08000554                PROVIDE (__init_array_start = .)
 *(SORT_BY_NAME(.init_array.*))
 *(.init_array*)
 .init_array    0x08000554        0x4 f:/stm32/win-dev-tools/gcc-arm-none-eabi/bin/../lib/gcc/arm-none-eabi/10.3.1/thumb/v7e-m+fp/hard/crtbegin.o
                0x08000558                PROVIDE (__init_array_end = .)

.fini_array     0x08000558        0x4
                [!provide]                PROVIDE (__fini_array_start = .)
 *(SORT_BY_NAME(.fini_array.*))
 *(.fini_array*)
 .fini_array    0x08000558        0x4 f:/stm32/win-dev-tools/gcc-arm-none-eabi/bin/../lib/gcc/arm-none-eabi/10.3.1/thumb/v7e-m+fp/hard/crtbegin.o
                [!provide]                PROVIDE (__fini_array_end = .)
                0x0800055c                _sidata = LOADADDR (.data)

.data           0x20000000        0x4 load address 0x0800055c
                0x20000000                . = ALIGN (0x4)
                0x20000000                _sdata = .
 *(.data)
 *(.data*)
 .data.SystemCoreClock
                0x20000000        0x4 build/system_stm32g4xx.o
                0x20000000                SystemCoreClock
                0x20000004                . = ALIGN (0x4)
                0x20000004                _edata = .

.igot.plt       0x20000004        0x0 load address 0x08000560
 .igot.plt      0x20000004        0x0 f:/stm32/win-dev-tools/gcc-arm-none-eabi/bin/../lib/gcc/arm-none-eabi/10.3.1/thumb/v7e-m+fp/hard/crtbegin.o
                0x20000004                . = ALIGN (0x4)

.bss            0x20000004       0x1c load address 0x08000560
                0x20000004                _sbss = .
                0x20000004                __bss_start__ = _sbss
 *(.bss)
 .bss           0x20000004       0x1c f:/stm32/win-dev-tools/gcc-arm-none-eabi/bin/../lib/gcc/arm-none-eabi/10.3.1/thumb/v7e-m+fp/hard/crtbegin.o
 *(.bss*)
 *(COMMON)
                0x20000020                . = ALIGN (0x4)
                0x20000020                _ebss = .
                0x20000020                __bss_end__ = _ebss

._user_heap_stack
                0x20000020      0x600 load address 0x08000560
                0x20000020                . = ALIGN (0x8)
                [!provide]                PROVIDE (end = .)
                [!provide]                PROVIDE (_end = .)
                0x20000220                . = (. + _Min_Heap_Size)
 *fill*         0x20000020      0x200 
                0x20000620                . = (. + _Min_Stack_Size)
 *fill*         0x20000220      0x400 
                0x20000620                . = ALIGN (0x8)

/DISCARD/
 libc.a(*)
 libm.a(*)
 libgcc.a(*)

.ARM.attributes
                0x00000000       0x30
 *(.ARM.attributes)
 .ARM.attributes
                0x00000000       0x1e f:/stm32/win-dev-tools/gcc-arm-none-eabi/bin/../lib/gcc/arm-none-eabi/10.3.1/thumb/v7e-m+fp/hard/crti.o
 .ARM.attributes
                0x0000001e       0x34 f:/stm32/win-dev-tools/gcc-arm-none-eabi/bin/../lib/gcc/arm-none-eabi/10.3.1/thumb/v7e-m+fp/hard/crtbegin.o
 .ARM.attributes
                0x00000052       0x34 build/main.o
 .ARM.attributes
                0x00000086       0x34 build/stm32g4xx_it.o
 .ARM.attributes
                0x000000ba       0x34 build/stm32g4xx_ll_utils.o
 .ARM.attributes
                0x000000ee       0x34 build/system_stm32g4xx.o
 .ARM.attributes
                0x00000122       0x21 build/startup_stm32g474xx.o
 .ARM.attributes
                0x00000143       0x34 f:/stm32/win-dev-tools/gcc-arm-none-eabi/bin/../lib/gcc/arm-none-eabi/10.3.1/../../../../arm-none-eabi/lib/thumb/v7e-m+fp/hard\libc_nano.a(lib_a-init.o)
 .ARM.attributes
                0x00000177       0x1e f:/stm32/win-dev-tools/gcc-arm-none-eabi/bin/../lib/gcc/arm-none-eabi/10.3.1/thumb/v7e-m+fp/hard/crtn.o
OUTPUT(build/GPIO_LL.elf elf32-littlearm)
LOAD linker stubs
LOAD f:/stm32/win-dev-tools/gcc-arm-none-eabi/bin/../lib/gcc/arm-none-eabi/10.3.1/../../../../arm-none-eabi/lib/thumb/v7e-m+fp/hard\libc.a
LOAD f:/stm32/win-dev-tools/gcc-arm-none-eabi/bin/../lib/gcc/arm-none-eabi/10.3.1/../../../../arm-none-eabi/lib/thumb/v7e-m+fp/hard\libm.a
LOAD f:/stm32/win-dev-tools/gcc-arm-none-eabi/bin/../lib/gcc/arm-none-eabi/10.3.1/thumb/v7e-m+fp/hard\libgcc.a

.debug_info     0x00000000     0x3007
 .debug_info    0x00000000     0x16c0 build/main.o
 .debug_info    0x000016c0      0x17d build/stm32g4xx_it.o
 .debug_info    0x0000183d     0x1166 build/stm32g4xx_ll_utils.o
 .debug_info    0x000029a3      0x642 build/system_stm32g4xx.o
 .debug_info    0x00002fe5       0x22 build/startup_stm32g474xx.o

.debug_abbrev   0x00000000      0x818
 .debug_abbrev  0x00000000      0x30b build/main.o
 .debug_abbrev  0x0000030b       0x7f build/stm32g4xx_it.o
 .debug_abbrev  0x0000038a      0x361 build/stm32g4xx_ll_utils.o
 .debug_abbrev  0x000006eb      0x11b build/system_stm32g4xx.o
 .debug_abbrev  0x00000806       0x12 build/startup_stm32g474xx.o

.debug_loc      0x00000000      0xf03
 .debug_loc     0x00000000      0x4c0 build/main.o
 .debug_loc     0x000004c0      0x9a6 build/stm32g4xx_ll_utils.o
 .debug_loc     0x00000e66       0x9d build/system_stm32g4xx.o

.debug_aranges  0x00000000      0x148
 .debug_aranges
                0x00000000       0x38 build/main.o
 .debug_aranges
                0x00000038       0x60 build/stm32g4xx_it.o
 .debug_aranges
                0x00000098       0x60 build/stm32g4xx_ll_utils.o
 .debug_aranges
                0x000000f8       0x28 build/system_stm32g4xx.o
 .debug_aranges
                0x00000120       0x28 build/startup_stm32g474xx.o

.debug_ranges   0x00000000      0x178
 .debug_ranges  0x00000000       0x88 build/main.o
 .debug_ranges  0x00000088       0x50 build/stm32g4xx_it.o
 .debug_ranges  0x000000d8       0x68 build/stm32g4xx_ll_utils.o
 .debug_ranges  0x00000140       0x18 build/system_stm32g4xx.o
 .debug_ranges  0x00000158       0x20 build/startup_stm32g474xx.o

.debug_line     0x00000000     0x1670
 .debug_line    0x00000000      0x727 build/main.o
 .debug_line    0x00000727      0x25c build/stm32g4xx_it.o
 .debug_line    0x00000983      0x9d7 build/stm32g4xx_ll_utils.o
 .debug_line    0x0000135a      0x29f build/system_stm32g4xx.o
 .debug_line    0x000015f9       0x77 build/startup_stm32g474xx.o

.debug_str      0x00000000     0x1227
 .debug_str     0x00000000      0xdd1 build/main.o
                                0xe51 (size before relaxing)
 .debug_str     0x00000dd1       0xa8 build/stm32g4xx_it.o
                                0x21a (size before relaxing)
 .debug_str     0x00000e79      0x324 build/stm32g4xx_ll_utils.o
                                0x865 (size before relaxing)
 .debug_str     0x0000119d       0x66 build/system_stm32g4xx.o
                                0x39d (size before relaxing)
 .debug_str     0x00001203       0x24 build/startup_stm32g474xx.o
                                 0x48 (size before relaxing)

.comment        0x00000000       0x49
 .comment       0x00000000       0x49 build/main.o
                                 0x4a (size before relaxing)
 .comment       0x00000049       0x4a build/stm32g4xx_it.o
 .comment       0x00000049       0x4a build/stm32g4xx_ll_utils.o
 .comment       0x00000049       0x4a build/system_stm32g4xx.o

.debug_frame    0x00000000      0x244
 .debug_frame   0x00000000       0x74 build/main.o
 .debug_frame   0x00000074       0xa0 build/stm32g4xx_it.o
 .debug_frame   0x00000114       0xd4 build/stm32g4xx_ll_utils.o
 .debug_frame   0x000001e8       0x30 build/system_stm32g4xx.o
 .debug_frame   0x00000218       0x2c f:/stm32/win-dev-tools/gcc-arm-none-eabi/bin/../lib/gcc/arm-none-eabi/10.3.1/../../../../arm-none-eabi/lib/thumb/v7e-m+fp/hard\libc_nano.a(lib_a-init.o)

Cross Reference Table

Symbol                                            File
ADC1_2_IRQHandler                                 build/startup_stm32g474xx.o
ADC3_IRQHandler                                   build/startup_stm32g474xx.o
ADC4_IRQHandler                                   build/startup_stm32g474xx.o
ADC5_IRQHandler                                   build/startup_stm32g474xx.o
AHBPrescTable                                     build/system_stm32g4xx.o
                                                  build/stm32g4xx_ll_utils.o
APBPrescTable                                     build/system_stm32g4xx.o
BusFault_Handler                                  build/stm32g4xx_it.o
COMP1_2_3_IRQHandler                              build/startup_stm32g474xx.o
COMP4_5_6_IRQHandler                              build/startup_stm32g474xx.o
COMP7_IRQHandler                                  build/startup_stm32g474xx.o
CORDIC_IRQHandler                                 build/startup_stm32g474xx.o
CRS_IRQHandler                                    build/startup_stm32g474xx.o
Configure_GPIO                                    build/main.o
DMA1_Channel1_IRQHandler                          build/startup_stm32g474xx.o
DMA1_Channel2_IRQHandler                          build/startup_stm32g474xx.o
DMA1_Channel3_IRQHandler                          build/startup_stm32g474xx.o
DMA1_Channel4_IRQHandler                          build/startup_stm32g474xx.o
DMA1_Channel5_IRQHandler                          build/startup_stm32g474xx.o
DMA1_Channel6_IRQHandler                          build/startup_stm32g474xx.o
DMA1_Channel7_IRQHandler                          build/startup_stm32g474xx.o
DMA1_Channel8_IRQHandler                          build/startup_stm32g474xx.o
DMA2_Channel1_IRQHandler                          build/startup_stm32g474xx.o
DMA2_Channel2_IRQHandler                          build/startup_stm32g474xx.o
DMA2_Channel3_IRQHandler                          build/startup_stm32g474xx.o
DMA2_Channel4_IRQHandler                          build/startup_stm32g474xx.o
DMA2_Channel5_IRQHandler                          build/startup_stm32g474xx.o
DMA2_Channel6_IRQHandler                          build/startup_stm32g474xx.o
DMA2_Channel7_IRQHandler                          build/startup_stm32g474xx.o
DMA2_Channel8_IRQHandler                          build/startup_stm32g474xx.o
DMAMUX_OVR_IRQHandler                             build/startup_stm32g474xx.o
DebugMon_Handler                                  build/stm32g4xx_it.o
Default_Handler                                   build/startup_stm32g474xx.o
EXTI0_IRQHandler                                  build/startup_stm32g474xx.o
EXTI15_10_IRQHandler                              build/startup_stm32g474xx.o
EXTI1_IRQHandler                                  build/startup_stm32g474xx.o
EXTI2_IRQHandler                                  build/startup_stm32g474xx.o
EXTI3_IRQHandler                                  build/startup_stm32g474xx.o
EXTI4_IRQHandler                                  build/startup_stm32g474xx.o
EXTI9_5_IRQHandler                                build/startup_stm32g474xx.o
Error_Handler                                     build/main.o
FDCAN1_IT0_IRQHandler                             build/startup_stm32g474xx.o
FDCAN1_IT1_IRQHandler                             build/startup_stm32g474xx.o
FDCAN2_IT0_IRQHandler                             build/startup_stm32g474xx.o
FDCAN2_IT1_IRQHandler                             build/startup_stm32g474xx.o
FDCAN3_IT0_IRQHandler                             build/startup_stm32g474xx.o
FDCAN3_IT1_IRQHandler                             build/startup_stm32g474xx.o
FLASH_IRQHandler                                  build/startup_stm32g474xx.o
FMAC_IRQHandler                                   build/startup_stm32g474xx.o
FMC_IRQHandler                                    build/startup_stm32g474xx.o
FPU_IRQHandler                                    build/startup_stm32g474xx.o
HRTIM1_FLT_IRQHandler                             build/startup_stm32g474xx.o
HRTIM1_Master_IRQHandler                          build/startup_stm32g474xx.o
HRTIM1_TIMA_IRQHandler                            build/startup_stm32g474xx.o
HRTIM1_TIMB_IRQHandler                            build/startup_stm32g474xx.o
HRTIM1_TIMC_IRQHandler                            build/startup_stm32g474xx.o
HRTIM1_TIMD_IRQHandler                            build/startup_stm32g474xx.o
HRTIM1_TIME_IRQHandler                            build/startup_stm32g474xx.o
HRTIM1_TIMF_IRQHandler                            build/startup_stm32g474xx.o
HardFault_Handler                                 build/stm32g4xx_it.o
I2C1_ER_IRQHandler                                build/startup_stm32g474xx.o
I2C1_EV_IRQHandler                                build/startup_stm32g474xx.o
I2C2_ER_IRQHandler                                build/startup_stm32g474xx.o
I2C2_EV_IRQHandler                                build/startup_stm32g474xx.o
I2C3_ER_IRQHandler                                build/startup_stm32g474xx.o
I2C3_EV_IRQHandler                                build/startup_stm32g474xx.o
I2C4_ER_IRQHandler                                build/startup_stm32g474xx.o
I2C4_EV_IRQHandler                                build/startup_stm32g474xx.o
LL_EXTI_DeInit                                    build/stm32g4xx_ll_exti.o
LL_EXTI_Init                                      build/stm32g4xx_ll_exti.o
LL_EXTI_StructInit                                build/stm32g4xx_ll_exti.o
LL_GPIO_DeInit                                    build/stm32g4xx_ll_gpio.o
LL_GPIO_Init                                      build/stm32g4xx_ll_gpio.o
                                                  build/gpio.o
LL_GPIO_StructInit                                build/stm32g4xx_ll_gpio.o
LL_Init1msTick                                    build/stm32g4xx_ll_utils.o
                                                  build/main.o
LL_PLL_ConfigSystemClock_HSE                      build/stm32g4xx_ll_utils.o
LL_PLL_ConfigSystemClock_HSI                      build/stm32g4xx_ll_utils.o
LL_PWR_DeInit                                     build/stm32g4xx_ll_pwr.o
LL_SetFlashLatency                                build/stm32g4xx_ll_utils.o
LL_SetSystemCoreClock                             build/stm32g4xx_ll_utils.o
                                                  build/main.o
LL_mDelay                                         build/stm32g4xx_ll_utils.o
                                                  build/main.o
LPTIM1_IRQHandler                                 build/startup_stm32g474xx.o
LPUART1_IRQHandler                                build/startup_stm32g474xx.o
MX_GPIO_Init                                      build/gpio.o
MemManage_Handler                                 build/stm32g4xx_it.o
NMI_Handler                                       build/stm32g4xx_it.o
PVD_PVM_IRQHandler                                build/startup_stm32g474xx.o
PendSV_Handler                                    build/stm32g4xx_it.o
QUADSPI_IRQHandler                                build/startup_stm32g474xx.o
RCC_IRQHandler                                    build/startup_stm32g474xx.o
RNG_IRQHandler                                    build/startup_stm32g474xx.o
RTC_Alarm_IRQHandler                              build/startup_stm32g474xx.o
RTC_TAMP_LSECSS_IRQHandler                        build/startup_stm32g474xx.o
RTC_WKUP_IRQHandler                               build/startup_stm32g474xx.o
Reset_Handler                                     build/startup_stm32g474xx.o
SAI1_IRQHandler                                   build/startup_stm32g474xx.o
SPI1_IRQHandler                                   build/startup_stm32g474xx.o
SPI2_IRQHandler                                   build/startup_stm32g474xx.o
SPI3_IRQHandler                                   build/startup_stm32g474xx.o
SPI4_IRQHandler                                   build/startup_stm32g474xx.o
SVC_Handler                                       build/stm32g4xx_it.o
SysTick_Handler                                   build/stm32g4xx_it.o
SystemClock_Config                                build/main.o
SystemCoreClock                                   build/system_stm32g4xx.o
                                                  build/stm32g4xx_ll_utils.o
SystemCoreClockUpdate                             build/system_stm32g4xx.o
SystemInit                                        build/system_stm32g4xx.o
                                                  build/startup_stm32g474xx.o
TIM1_BRK_TIM15_IRQHandler                         build/startup_stm32g474xx.o
TIM1_CC_IRQHandler                                build/startup_stm32g474xx.o
TIM1_TRG_COM_TIM17_IRQHandler                     build/startup_stm32g474xx.o
TIM1_UP_TIM16_IRQHandler                          build/startup_stm32g474xx.o
TIM20_BRK_IRQHandler                              build/startup_stm32g474xx.o
TIM20_CC_IRQHandler                               build/startup_stm32g474xx.o
TIM20_TRG_COM_IRQHandler                          build/startup_stm32g474xx.o
TIM20_UP_IRQHandler                               build/startup_stm32g474xx.o
TIM2_IRQHandler                                   build/startup_stm32g474xx.o
TIM3_IRQHandler                                   build/startup_stm32g474xx.o
TIM4_IRQHandler                                   build/startup_stm32g474xx.o
TIM5_IRQHandler                                   build/startup_stm32g474xx.o
TIM6_DAC_IRQHandler                               build/startup_stm32g474xx.o
TIM7_DAC_IRQHandler                               build/startup_stm32g474xx.o
TIM8_BRK_IRQHandler                               build/startup_stm32g474xx.o
TIM8_CC_IRQHandler                                build/startup_stm32g474xx.o
TIM8_TRG_COM_IRQHandler                           build/startup_stm32g474xx.o
TIM8_UP_IRQHandler                                build/startup_stm32g474xx.o
UART4_IRQHandler                                  build/startup_stm32g474xx.o
UART5_IRQHandler                                  build/startup_stm32g474xx.o
UCPD1_IRQHandler                                  build/startup_stm32g474xx.o
USART1_IRQHandler                                 build/startup_stm32g474xx.o
USART2_IRQHandler                                 build/startup_stm32g474xx.o
USART3_IRQHandler                                 build/startup_stm32g474xx.o
USBWakeUp_IRQHandler                              build/startup_stm32g474xx.o
USB_HP_IRQHandler                                 build/startup_stm32g474xx.o
USB_LP_IRQHandler                                 build/startup_stm32g474xx.o
UsageFault_Handler                                build/stm32g4xx_it.o
WWDG_IRQHandler                                   build/startup_stm32g474xx.o
__bss_end__                                       f:/stm32/win-dev-tools/gcc-arm-none-eabi/bin/../lib/gcc/arm-none-eabi/10.3.1/../../../../arm-none-eabi/lib/thumb/v7e-m+fp/hard/crt0.o
__bss_start__                                     f:/stm32/win-dev-tools/gcc-arm-none-eabi/bin/../lib/gcc/arm-none-eabi/10.3.1/../../../../arm-none-eabi/lib/thumb/v7e-m+fp/hard/crt0.o
__call_exitprocs                                  f:/stm32/win-dev-tools/gcc-arm-none-eabi/bin/../lib/gcc/arm-none-eabi/10.3.1/../../../../arm-none-eabi/lib/thumb/v7e-m+fp/hard\libc_nano.a(lib_a-exit.o)
__deregister_frame_info                           f:/stm32/win-dev-tools/gcc-arm-none-eabi/bin/../lib/gcc/arm-none-eabi/10.3.1/thumb/v7e-m+fp/hard/crtbegin.o
__dso_handle                                      f:/stm32/win-dev-tools/gcc-arm-none-eabi/bin/../lib/gcc/arm-none-eabi/10.3.1/thumb/v7e-m+fp/hard/crtbegin.o
__init_array_end                                  f:/stm32/win-dev-tools/gcc-arm-none-eabi/bin/../lib/gcc/arm-none-eabi/10.3.1/../../../../arm-none-eabi/lib/thumb/v7e-m+fp/hard\libc_nano.a(lib_a-init.o)
__init_array_start                                f:/stm32/win-dev-tools/gcc-arm-none-eabi/bin/../lib/gcc/arm-none-eabi/10.3.1/../../../../arm-none-eabi/lib/thumb/v7e-m+fp/hard\libc_nano.a(lib_a-init.o)
__libc_fini_array                                 f:/stm32/win-dev-tools/gcc-arm-none-eabi/bin/../lib/gcc/arm-none-eabi/10.3.1/../../../../arm-none-eabi/lib/thumb/v7e-m+fp/hard/crt0.o
__libc_init_array                                 f:/stm32/win-dev-tools/gcc-arm-none-eabi/bin/../lib/gcc/arm-none-eabi/10.3.1/../../../../arm-none-eabi/lib/thumb/v7e-m+fp/hard\libc_nano.a(lib_a-init.o)
                                                  build/startup_stm32g474xx.o
                                                  f:/stm32/win-dev-tools/gcc-arm-none-eabi/bin/../lib/gcc/arm-none-eabi/10.3.1/../../../../arm-none-eabi/lib/thumb/v7e-m+fp/hard/crt0.o
__preinit_array_end                               f:/stm32/win-dev-tools/gcc-arm-none-eabi/bin/../lib/gcc/arm-none-eabi/10.3.1/../../../../arm-none-eabi/lib/thumb/v7e-m+fp/hard\libc_nano.a(lib_a-init.o)
__preinit_array_start                             f:/stm32/win-dev-tools/gcc-arm-none-eabi/bin/../lib/gcc/arm-none-eabi/10.3.1/../../../../arm-none-eabi/lib/thumb/v7e-m+fp/hard\libc_nano.a(lib_a-init.o)
__register_frame_info                             f:/stm32/win-dev-tools/gcc-arm-none-eabi/bin/../lib/gcc/arm-none-eabi/10.3.1/thumb/v7e-m+fp/hard/crtbegin.o
__sf_fake_stderr                                  f:/stm32/win-dev-tools/gcc-arm-none-eabi/bin/../lib/gcc/arm-none-eabi/10.3.1/../../../../arm-none-eabi/lib/thumb/v7e-m+fp/hard\libc_nano.a(lib_a-impure.o)
__sf_fake_stdin                                   f:/stm32/win-dev-tools/gcc-arm-none-eabi/bin/../lib/gcc/arm-none-eabi/10.3.1/../../../../arm-none-eabi/lib/thumb/v7e-m+fp/hard\libc_nano.a(lib_a-impure.o)
__sf_fake_stdout                                  f:/stm32/win-dev-tools/gcc-arm-none-eabi/bin/../lib/gcc/arm-none-eabi/10.3.1/../../../../arm-none-eabi/lib/thumb/v7e-m+fp/hard\libc_nano.a(lib_a-impure.o)
__stack                                           f:/stm32/win-dev-tools/gcc-arm-none-eabi/bin/../lib/gcc/arm-none-eabi/10.3.1/../../../../arm-none-eabi/lib/thumb/v7e-m+fp/hard/crt0.o
_ebss                                             build/startup_stm32g474xx.o
_edata                                            build/startup_stm32g474xx.o
_estack                                           build/startup_stm32g474xx.o
_exit                                             f:/stm32/win-dev-tools/gcc-arm-none-eabi/bin/../lib/gcc/arm-none-eabi/10.3.1/../../../../arm-none-eabi/lib/thumb/v7e-m+fp/hard\libnosys.a(_exit.o)
                                                  f:/stm32/win-dev-tools/gcc-arm-none-eabi/bin/../lib/gcc/arm-none-eabi/10.3.1/../../../../arm-none-eabi/lib/thumb/v7e-m+fp/hard\libc_nano.a(lib_a-exit.o)
_fini                                             f:/stm32/win-dev-tools/gcc-arm-none-eabi/bin/../lib/gcc/arm-none-eabi/10.3.1/thumb/v7e-m+fp/hard/crti.o
_global_impure_ptr                                f:/stm32/win-dev-tools/gcc-arm-none-eabi/bin/../lib/gcc/arm-none-eabi/10.3.1/../../../../arm-none-eabi/lib/thumb/v7e-m+fp/hard\libc_nano.a(lib_a-impure.o)
                                                  f:/stm32/win-dev-tools/gcc-arm-none-eabi/bin/../lib/gcc/arm-none-eabi/10.3.1/../../../../arm-none-eabi/lib/thumb/v7e-m+fp/hard\libc_nano.a(lib_a-exit.o)
_impure_ptr                                       f:/stm32/win-dev-tools/gcc-arm-none-eabi/bin/../lib/gcc/arm-none-eabi/10.3.1/../../../../arm-none-eabi/lib/thumb/v7e-m+fp/hard\libc_nano.a(lib_a-impure.o)
_init                                             f:/stm32/win-dev-tools/gcc-arm-none-eabi/bin/../lib/gcc/arm-none-eabi/10.3.1/thumb/v7e-m+fp/hard/crti.o
                                                  f:/stm32/win-dev-tools/gcc-arm-none-eabi/bin/../lib/gcc/arm-none-eabi/10.3.1/../../../../arm-none-eabi/lib/thumb/v7e-m+fp/hard\libc_nano.a(lib_a-init.o)
_mainCRTStartup                                   f:/stm32/win-dev-tools/gcc-arm-none-eabi/bin/../lib/gcc/arm-none-eabi/10.3.1/../../../../arm-none-eabi/lib/thumb/v7e-m+fp/hard/crt0.o
_sbss                                             build/startup_stm32g474xx.o
_sdata                                            build/startup_stm32g474xx.o
_sidata                                           build/startup_stm32g474xx.o
_stack_init                                       f:/stm32/win-dev-tools/gcc-arm-none-eabi/bin/../lib/gcc/arm-none-eabi/10.3.1/../../../../arm-none-eabi/lib/thumb/v7e-m+fp/hard/crt0.o
_start                                            f:/stm32/win-dev-tools/gcc-arm-none-eabi/bin/../lib/gcc/arm-none-eabi/10.3.1/../../../../arm-none-eabi/lib/thumb/v7e-m+fp/hard/crt0.o
atexit                                            f:/stm32/win-dev-tools/gcc-arm-none-eabi/bin/../lib/gcc/arm-none-eabi/10.3.1/../../../../arm-none-eabi/lib/thumb/v7e-m+fp/hard/crt0.o
exit                                              f:/stm32/win-dev-tools/gcc-arm-none-eabi/bin/../lib/gcc/arm-none-eabi/10.3.1/../../../../arm-none-eabi/lib/thumb/v7e-m+fp/hard\libc_nano.a(lib_a-exit.o)
                                                  f:/stm32/win-dev-tools/gcc-arm-none-eabi/bin/../lib/gcc/arm-none-eabi/10.3.1/../../../../arm-none-eabi/lib/thumb/v7e-m+fp/hard/crt0.o
g_pfnVectors                                      build/startup_stm32g474xx.o
hardware_init_hook                                f:/stm32/win-dev-tools/gcc-arm-none-eabi/bin/../lib/gcc/arm-none-eabi/10.3.1/../../../../arm-none-eabi/lib/thumb/v7e-m+fp/hard/crt0.o
main                                              build/main.o
                                                  build/startup_stm32g474xx.o
                                                  f:/stm32/win-dev-tools/gcc-arm-none-eabi/bin/../lib/gcc/arm-none-eabi/10.3.1/../../../../arm-none-eabi/lib/thumb/v7e-m+fp/hard/crt0.o
memset                                            f:/stm32/win-dev-tools/gcc-arm-none-eabi/bin/../lib/gcc/arm-none-eabi/10.3.1/../../../../arm-none-eabi/lib/thumb/v7e-m+fp/hard\libc_nano.a(lib_a-memset.o)
                                                  f:/stm32/win-dev-tools/gcc-arm-none-eabi/bin/../lib/gcc/arm-none-eabi/10.3.1/../../../../arm-none-eabi/lib/thumb/v7e-m+fp/hard/crt0.o
software_init_hook                                f:/stm32/win-dev-tools/gcc-arm-none-eabi/bin/../lib/gcc/arm-none-eabi/10.3.1/../../../../arm-none-eabi/lib/thumb/v7e-m+fp/hard/crt0.o
